Archive member included because of file (symbol)

/usr/lib/gcc/avr/4.5.3/avr5/libgcc.a(_mulsi3.o)
                              ./src/Main.o (__mulsi3)
/usr/lib/gcc/avr/4.5.3/avr5/libgcc.a(_exit.o)
                              /usr/lib/gcc/avr/4.5.3/../../../avr/lib/avr5/crtm64.o (exit)
/usr/lib/gcc/avr/4.5.3/avr5/libgcc.a(_clear_bss.o)
                              ./src/Main.o (__do_clear_bss)
/usr/lib/gcc/avr/4.5.3/avr5/libgcc.a(_fixunssfsi.o)
                              ./src/AD9833.o (__fixunssfsi)
/usr/lib/gcc/avr/4.5.3/avr5/libgcc.a(_addsub_sf.o)
                              ./src/Main.o (__addsf3)
/usr/lib/gcc/avr/4.5.3/avr5/libgcc.a(_mul_sf.o)
                              ./src/AD9833.o (__mulsf3)
/usr/lib/gcc/avr/4.5.3/avr5/libgcc.a(_ge_sf.o)
                              /usr/lib/gcc/avr/4.5.3/avr5/libgcc.a(_fixunssfsi.o) (__gesf2)
/usr/lib/gcc/avr/4.5.3/avr5/libgcc.a(_si_to_sf.o)
                              ./src/Main.o (__floatsisf)
/usr/lib/gcc/avr/4.5.3/avr5/libgcc.a(_sf_to_si.o)
                              /usr/lib/gcc/avr/4.5.3/avr5/libgcc.a(_fixunssfsi.o) (__fixsfsi)
/usr/lib/gcc/avr/4.5.3/avr5/libgcc.a(_thenan_sf.o)
                              /usr/lib/gcc/avr/4.5.3/avr5/libgcc.a(_addsub_sf.o) (__thenan_sf)
/usr/lib/gcc/avr/4.5.3/avr5/libgcc.a(_prologue.o)
                              /usr/lib/gcc/avr/4.5.3/avr5/libgcc.a(_addsub_sf.o) (__prologue_saves__)
/usr/lib/gcc/avr/4.5.3/avr5/libgcc.a(_epilogue.o)
                              /usr/lib/gcc/avr/4.5.3/avr5/libgcc.a(_addsub_sf.o) (__epilogue_restores__)
/usr/lib/gcc/avr/4.5.3/avr5/libgcc.a(_copy_data.o)
                              /usr/lib/gcc/avr/4.5.3/avr5/libgcc.a(_thenan_sf.o) (__do_copy_data)
/usr/lib/gcc/avr/4.5.3/avr5/libgcc.a(_clzsi2.o)
                              /usr/lib/gcc/avr/4.5.3/avr5/libgcc.a(_si_to_sf.o) (__clzsi2)
/usr/lib/gcc/avr/4.5.3/avr5/libgcc.a(_pack_sf.o)
                              /usr/lib/gcc/avr/4.5.3/avr5/libgcc.a(_addsub_sf.o) (__pack_f)
/usr/lib/gcc/avr/4.5.3/avr5/libgcc.a(_unpack_sf.o)
                              /usr/lib/gcc/avr/4.5.3/avr5/libgcc.a(_addsub_sf.o) (__unpack_f)
/usr/lib/gcc/avr/4.5.3/avr5/libgcc.a(_fpcmp_parts_sf.o)
                              /usr/lib/gcc/avr/4.5.3/avr5/libgcc.a(_ge_sf.o) (__fpcmp_parts_f)
/usr/lib/gcc/avr/4.5.3/avr5/libgcc.a(_clz.o)
                              /usr/lib/gcc/avr/4.5.3/avr5/libgcc.a(_clzsi2.o) (__clz_tab)
/usr/lib/gcc/avr/4.5.3/../../../avr/lib/avr5/libm.a(ceil.o)
                              ./src/AD9833.o (ceil)
/usr/lib/gcc/avr/4.5.3/../../../avr/lib/avr5/libm.a(fp_mintl.o)
                              /usr/lib/gcc/avr/4.5.3/../../../avr/lib/avr5/libm.a(ceil.o) (__fp_mintl)
/usr/lib/gcc/avr/4.5.3/../../../avr/lib/avr5/libm.a(fp_mpack.o)
                              /usr/lib/gcc/avr/4.5.3/../../../avr/lib/avr5/libm.a(ceil.o) (__fp_mpack)
/usr/lib/gcc/avr/4.5.3/../../../avr/lib/avr5/libm.a(fp_trunc.o)
                              /usr/lib/gcc/avr/4.5.3/../../../avr/lib/avr5/libm.a(ceil.o) (__fp_trunc)
/usr/lib/gcc/avr/4.5.3/../../../avr/lib/avr5/libm.a(fp_zero.o)
                              /usr/lib/gcc/avr/4.5.3/../../../avr/lib/avr5/libm.a(ceil.o) (__fp_szero)
/usr/lib/gcc/avr/4.5.3/../../../avr/lib/avr5/libm.a(round.o)
                              ./src/AD9833.o (round)
/usr/lib/gcc/avr/4.5.3/../../../avr/lib/avr5/libm.a(fp_split3.o)
                              /usr/lib/gcc/avr/4.5.3/../../../avr/lib/avr5/libm.a(fp_trunc.o) (__fp_splitA)

Allocating common symbols
Common symbol       size              file

data_ready          0x1               ./src/Main.o
reception_delay     0x4               ./src/Main.o
received_bytes      0x4               ./src/Main.o
received_value      0x1               ./src/Main.o
frequency_buffer    0xd48             ./src/Main.o

Discarded input sections

 .data          0x0000000000000000        0x0 /usr/lib/gcc/avr/4.5.3/../../../avr/lib/avr5/crtm64.o
 .bss           0x0000000000000000        0x0 /usr/lib/gcc/avr/4.5.3/../../../avr/lib/avr5/crtm64.o
 .text          0x0000000000000000        0x0 ./src/AD9833.o
 .data          0x0000000000000000        0x0 ./src/AD9833.o
 .bss           0x0000000000000000        0x0 ./src/AD9833.o
 .text.AD9833_init_off
                0x0000000000000000       0x36 ./src/AD9833.o
 .text.AD9833_init_sinusoidal
                0x0000000000000000       0x34 ./src/AD9833.o
 .text.AD9833_init_triangle
                0x0000000000000000       0x36 ./src/AD9833.o
 .text.AD9833_set_freq1
                0x0000000000000000       0x9c ./src/AD9833.o
 .text.AD9833_set_phase1
                0x0000000000000000       0x3c ./src/AD9833.o
 .text          0x0000000000000000        0x0 ./src/Main.o
 .data          0x0000000000000000        0x0 ./src/Main.o
 .bss           0x0000000000000000        0x0 ./src/Main.o
 .text.main_send_word_sequence_ad9833_uart
                0x0000000000000000       0x66 ./src/Main.o
 .text.echo     0x0000000000000000      0x138 ./src/Main.o
 .text          0x0000000000000000        0x0 ./src/SPI.o
 .data          0x0000000000000000        0x0 ./src/SPI.o
 .bss           0x0000000000000000        0x0 ./src/SPI.o
 .text.SPI_read_byte
                0x0000000000000000        0xa ./src/SPI.o
 .text          0x0000000000000000        0x0 ./src/UART.o
 .data          0x0000000000000000        0x0 ./src/UART.o
 .bss           0x0000000000000000        0x0 ./src/UART.o
 .text.USART_sendbyte
                0x0000000000000000       0x10 ./src/UART.o
 .text.USART_sendbuffer
                0x0000000000000000       0x62 ./src/UART.o
 .text          0x0000000000000000        0x0 /usr/lib/gcc/avr/4.5.3/avr5/libgcc.a(_mulsi3.o)
 .data          0x0000000000000000        0x0 /usr/lib/gcc/avr/4.5.3/avr5/libgcc.a(_mulsi3.o)
 .bss           0x0000000000000000        0x0 /usr/lib/gcc/avr/4.5.3/avr5/libgcc.a(_mulsi3.o)
 .text          0x0000000000000000        0x0 /usr/lib/gcc/avr/4.5.3/avr5/libgcc.a(_exit.o)
 .data          0x0000000000000000        0x0 /usr/lib/gcc/avr/4.5.3/avr5/libgcc.a(_exit.o)
 .bss           0x0000000000000000        0x0 /usr/lib/gcc/avr/4.5.3/avr5/libgcc.a(_exit.o)
 .text.libgcc   0x0000000000000000        0x0 /usr/lib/gcc/avr/4.5.3/avr5/libgcc.a(_exit.o)
 .text          0x0000000000000000        0x0 /usr/lib/gcc/avr/4.5.3/avr5/libgcc.a(_clear_bss.o)
 .data          0x0000000000000000        0x0 /usr/lib/gcc/avr/4.5.3/avr5/libgcc.a(_clear_bss.o)
 .bss           0x0000000000000000        0x0 /usr/lib/gcc/avr/4.5.3/avr5/libgcc.a(_clear_bss.o)
 .text.libgcc   0x0000000000000000        0x0 /usr/lib/gcc/avr/4.5.3/avr5/libgcc.a(_clear_bss.o)
 .data          0x0000000000000000        0x0 /usr/lib/gcc/avr/4.5.3/avr5/libgcc.a(_fixunssfsi.o)
 .bss           0x0000000000000000        0x0 /usr/lib/gcc/avr/4.5.3/avr5/libgcc.a(_fixunssfsi.o)
 .data          0x0000000000000000        0x0 /usr/lib/gcc/avr/4.5.3/avr5/libgcc.a(_addsub_sf.o)
 .bss           0x0000000000000000        0x0 /usr/lib/gcc/avr/4.5.3/avr5/libgcc.a(_addsub_sf.o)
 .data          0x0000000000000000        0x0 /usr/lib/gcc/avr/4.5.3/avr5/libgcc.a(_mul_sf.o)
 .bss           0x0000000000000000        0x0 /usr/lib/gcc/avr/4.5.3/avr5/libgcc.a(_mul_sf.o)
 .data          0x0000000000000000        0x0 /usr/lib/gcc/avr/4.5.3/avr5/libgcc.a(_ge_sf.o)
 .bss           0x0000000000000000        0x0 /usr/lib/gcc/avr/4.5.3/avr5/libgcc.a(_ge_sf.o)
 .data          0x0000000000000000        0x0 /usr/lib/gcc/avr/4.5.3/avr5/libgcc.a(_si_to_sf.o)
 .bss           0x0000000000000000        0x0 /usr/lib/gcc/avr/4.5.3/avr5/libgcc.a(_si_to_sf.o)
 .data          0x0000000000000000        0x0 /usr/lib/gcc/avr/4.5.3/avr5/libgcc.a(_sf_to_si.o)
 .bss           0x0000000000000000        0x0 /usr/lib/gcc/avr/4.5.3/avr5/libgcc.a(_sf_to_si.o)
 .text          0x0000000000000000        0x0 /usr/lib/gcc/avr/4.5.3/avr5/libgcc.a(_thenan_sf.o)
 .bss           0x0000000000000000        0x0 /usr/lib/gcc/avr/4.5.3/avr5/libgcc.a(_thenan_sf.o)
 .text          0x0000000000000000        0x0 /usr/lib/gcc/avr/4.5.3/avr5/libgcc.a(_prologue.o)
 .data          0x0000000000000000        0x0 /usr/lib/gcc/avr/4.5.3/avr5/libgcc.a(_prologue.o)
 .bss           0x0000000000000000        0x0 /usr/lib/gcc/avr/4.5.3/avr5/libgcc.a(_prologue.o)
 .text          0x0000000000000000        0x0 /usr/lib/gcc/avr/4.5.3/avr5/libgcc.a(_epilogue.o)
 .data          0x0000000000000000        0x0 /usr/lib/gcc/avr/4.5.3/avr5/libgcc.a(_epilogue.o)
 .bss           0x0000000000000000        0x0 /usr/lib/gcc/avr/4.5.3/avr5/libgcc.a(_epilogue.o)
 .text          0x0000000000000000        0x0 /usr/lib/gcc/avr/4.5.3/avr5/libgcc.a(_copy_data.o)
 .data          0x0000000000000000        0x0 /usr/lib/gcc/avr/4.5.3/avr5/libgcc.a(_copy_data.o)
 .bss           0x0000000000000000        0x0 /usr/lib/gcc/avr/4.5.3/avr5/libgcc.a(_copy_data.o)
 .text.libgcc   0x0000000000000000        0x0 /usr/lib/gcc/avr/4.5.3/avr5/libgcc.a(_copy_data.o)
 .data          0x0000000000000000        0x0 /usr/lib/gcc/avr/4.5.3/avr5/libgcc.a(_clzsi2.o)
 .bss           0x0000000000000000        0x0 /usr/lib/gcc/avr/4.5.3/avr5/libgcc.a(_clzsi2.o)
 .data          0x0000000000000000        0x0 /usr/lib/gcc/avr/4.5.3/avr5/libgcc.a(_pack_sf.o)
 .bss           0x0000000000000000        0x0 /usr/lib/gcc/avr/4.5.3/avr5/libgcc.a(_pack_sf.o)
 .data          0x0000000000000000        0x0 /usr/lib/gcc/avr/4.5.3/avr5/libgcc.a(_unpack_sf.o)
 .bss           0x0000000000000000        0x0 /usr/lib/gcc/avr/4.5.3/avr5/libgcc.a(_unpack_sf.o)
 .data          0x0000000000000000        0x0 /usr/lib/gcc/avr/4.5.3/avr5/libgcc.a(_fpcmp_parts_sf.o)
 .bss           0x0000000000000000        0x0 /usr/lib/gcc/avr/4.5.3/avr5/libgcc.a(_fpcmp_parts_sf.o)
 .text          0x0000000000000000        0x0 /usr/lib/gcc/avr/4.5.3/avr5/libgcc.a(_clz.o)
 .bss           0x0000000000000000        0x0 /usr/lib/gcc/avr/4.5.3/avr5/libgcc.a(_clz.o)
 .text          0x0000000000000000        0x0 /usr/lib/gcc/avr/4.5.3/../../../avr/lib/avr5/libm.a(ceil.o)
 .data          0x0000000000000000        0x0 /usr/lib/gcc/avr/4.5.3/../../../avr/lib/avr5/libm.a(ceil.o)
 .bss           0x0000000000000000        0x0 /usr/lib/gcc/avr/4.5.3/../../../avr/lib/avr5/libm.a(ceil.o)
 .text          0x0000000000000000        0x0 /usr/lib/gcc/avr/4.5.3/../../../avr/lib/avr5/libm.a(fp_mintl.o)
 .data          0x0000000000000000        0x0 /usr/lib/gcc/avr/4.5.3/../../../avr/lib/avr5/libm.a(fp_mintl.o)
 .bss           0x0000000000000000        0x0 /usr/lib/gcc/avr/4.5.3/../../../avr/lib/avr5/libm.a(fp_mintl.o)
 .text          0x0000000000000000        0x0 /usr/lib/gcc/avr/4.5.3/../../../avr/lib/avr5/libm.a(fp_mpack.o)
 .data          0x0000000000000000        0x0 /usr/lib/gcc/avr/4.5.3/../../../avr/lib/avr5/libm.a(fp_mpack.o)
 .bss           0x0000000000000000        0x0 /usr/lib/gcc/avr/4.5.3/../../../avr/lib/avr5/libm.a(fp_mpack.o)
 .text          0x0000000000000000        0x0 /usr/lib/gcc/avr/4.5.3/../../../avr/lib/avr5/libm.a(fp_trunc.o)
 .data          0x0000000000000000        0x0 /usr/lib/gcc/avr/4.5.3/../../../avr/lib/avr5/libm.a(fp_trunc.o)
 .bss           0x0000000000000000        0x0 /usr/lib/gcc/avr/4.5.3/../../../avr/lib/avr5/libm.a(fp_trunc.o)
 .text          0x0000000000000000        0x0 /usr/lib/gcc/avr/4.5.3/../../../avr/lib/avr5/libm.a(fp_zero.o)
 .data          0x0000000000000000        0x0 /usr/lib/gcc/avr/4.5.3/../../../avr/lib/avr5/libm.a(fp_zero.o)
 .bss           0x0000000000000000        0x0 /usr/lib/gcc/avr/4.5.3/../../../avr/lib/avr5/libm.a(fp_zero.o)
 .text          0x0000000000000000        0x0 /usr/lib/gcc/avr/4.5.3/../../../avr/lib/avr5/libm.a(round.o)
 .data          0x0000000000000000        0x0 /usr/lib/gcc/avr/4.5.3/../../../avr/lib/avr5/libm.a(round.o)
 .bss           0x0000000000000000        0x0 /usr/lib/gcc/avr/4.5.3/../../../avr/lib/avr5/libm.a(round.o)
 .text          0x0000000000000000        0x0 /usr/lib/gcc/avr/4.5.3/../../../avr/lib/avr5/libm.a(fp_split3.o)
 .data          0x0000000000000000        0x0 /usr/lib/gcc/avr/4.5.3/../../../avr/lib/avr5/libm.a(fp_split3.o)
 .bss           0x0000000000000000        0x0 /usr/lib/gcc/avr/4.5.3/../../../avr/lib/avr5/libm.a(fp_split3.o)

Memory Configuration

Name             Origin             Length             Attributes
text             0x0000000000000000 0x0000000000020000 xr
data             0x0000000000800060 0x000000000000ffa0 rw !x
eeprom           0x0000000000810000 0x0000000000010000 rw !x
fuse             0x0000000000820000 0x0000000000000400 rw !x
lock             0x0000000000830000 0x0000000000000400 rw !x
signature        0x0000000000840000 0x0000000000000400 rw !x
*default*        0x0000000000000000 0xffffffffffffffff

Linker script and memory map

Address of section .data set to 0x800100
LOAD /usr/lib/gcc/avr/4.5.3/../../../avr/lib/avr5/crtm64.o
LOAD ./src/AD9833.o
LOAD ./src/Main.o
LOAD ./src/SPI.o
LOAD ./src/UART.o
LOAD /usr/lib/gcc/avr/4.5.3/avr5/libgcc.a
LOAD /usr/lib/gcc/avr/4.5.3/../../../avr/lib/avr5/libm.a
LOAD /usr/lib/gcc/avr/4.5.3/avr5/libgcc.a
LOAD /usr/lib/gcc/avr/4.5.3/../../../avr/lib/avr5/libc.a
LOAD /usr/lib/gcc/avr/4.5.3/avr5/libgcc.a

.hash
 *(.hash)

.dynsym
 *(.dynsym)

.dynstr
 *(.dynstr)

.gnu.version
 *(.gnu.version)

.gnu.version_d
 *(.gnu.version_d)

.gnu.version_r
 *(.gnu.version_r)

.rel.init
 *(.rel.init)

.rela.init
 *(.rela.init)

.rel.text
 *(.rel.text)
 *(.rel.text.*)
 *(.rel.gnu.linkonce.t*)

.rela.text
 *(.rela.text)
 *(.rela.text.*)
 *(.rela.gnu.linkonce.t*)

.rel.fini
 *(.rel.fini)

.rela.fini
 *(.rela.fini)

.rel.rodata
 *(.rel.rodata)
 *(.rel.rodata.*)
 *(.rel.gnu.linkonce.r*)

.rela.rodata
 *(.rela.rodata)
 *(.rela.rodata.*)
 *(.rela.gnu.linkonce.r*)

.rel.data
 *(.rel.data)
 *(.rel.data.*)
 *(.rel.gnu.linkonce.d*)

.rela.data
 *(.rela.data)
 *(.rela.data.*)
 *(.rela.gnu.linkonce.d*)

.rel.ctors
 *(.rel.ctors)

.rela.ctors
 *(.rela.ctors)

.rel.dtors
 *(.rel.dtors)

.rela.dtors
 *(.rela.dtors)

.rel.got
 *(.rel.got)

.rela.got
 *(.rela.got)

.rel.bss
 *(.rel.bss)

.rela.bss
 *(.rela.bss)

.rel.plt
 *(.rel.plt)

.rela.plt
 *(.rela.plt)

.text           0x0000000000000000     0x16c0
 *(.vectors)
 .vectors       0x0000000000000000       0x8c /usr/lib/gcc/avr/4.5.3/../../../avr/lib/avr5/crtm64.o
                0x0000000000000000                __vectors
                0x0000000000000000                __vector_default
 *(.vectors)
 *(.progmem.gcc*)
 *(.progmem*)
                0x000000000000008c                . = ALIGN (0x2)
                0x000000000000008c                __trampolines_start = .
 *(.trampolines)
 .trampolines   0x000000000000008c        0x0 linker stubs
 *(.trampolines*)
                0x000000000000008c                __trampolines_end = .
 *(.jumptables)
 *(.jumptables*)
 *(.lowtext)
 *(.lowtext*)
                0x000000000000008c                __ctors_start = .
 *(.ctors)
                0x000000000000008c                __ctors_end = .
                0x000000000000008c                __dtors_start = .
 *(.dtors)
                0x000000000000008c                __dtors_end = .
 SORT(*)(.ctors)
 SORT(*)(.dtors)
 *(.init0)
 .init0         0x000000000000008c        0x0 /usr/lib/gcc/avr/4.5.3/../../../avr/lib/avr5/crtm64.o
                0x000000000000008c                __init
 *(.init0)
 *(.init1)
 *(.init1)
 *(.init2)
 .init2         0x000000000000008c        0xc /usr/lib/gcc/avr/4.5.3/../../../avr/lib/avr5/crtm64.o
 *(.init2)
 *(.init3)
 *(.init3)
 *(.init4)
 .init4         0x0000000000000098       0x10 /usr/lib/gcc/avr/4.5.3/avr5/libgcc.a(_clear_bss.o)
                0x0000000000000098                __do_clear_bss
 .init4         0x00000000000000a8       0x16 /usr/lib/gcc/avr/4.5.3/avr5/libgcc.a(_copy_data.o)
                0x00000000000000a8                __do_copy_data
 *(.init4)
 *(.init5)
 *(.init5)
 *(.init6)
 *(.init6)
 *(.init7)
 *(.init7)
 *(.init8)
 *(.init8)
 *(.init9)
 .init9         0x00000000000000be        0x8 /usr/lib/gcc/avr/4.5.3/../../../avr/lib/avr5/crtm64.o
 *(.init9)
 *(.text)
 .text          0x00000000000000c6        0x2 /usr/lib/gcc/avr/4.5.3/../../../avr/lib/avr5/crtm64.o
                0x00000000000000c6                __vector_22
                0x00000000000000c6                __vector_28
                0x00000000000000c6                __vector_1
                0x00000000000000c6                __vector_32
                0x00000000000000c6                __vector_34
                0x00000000000000c6                __vector_24
                0x00000000000000c6                __vector_12
                0x00000000000000c6                __bad_interrupt
                0x00000000000000c6                __vector_6
                0x00000000000000c6                __vector_31
                0x00000000000000c6                __vector_3
                0x00000000000000c6                __vector_23
                0x00000000000000c6                __vector_25
                0x00000000000000c6                __vector_11
                0x00000000000000c6                __vector_13
                0x00000000000000c6                __vector_17
                0x00000000000000c6                __vector_19
                0x00000000000000c6                __vector_7
                0x00000000000000c6                __vector_27
                0x00000000000000c6                __vector_5
                0x00000000000000c6                __vector_33
                0x00000000000000c6                __vector_4
                0x00000000000000c6                __vector_9
                0x00000000000000c6                __vector_2
                0x00000000000000c6                __vector_21
                0x00000000000000c6                __vector_15
                0x00000000000000c6                __vector_29
                0x00000000000000c6                __vector_8
                0x00000000000000c6                __vector_26
                0x00000000000000c6                __vector_14
                0x00000000000000c6                __vector_10
                0x00000000000000c6                __vector_16
                0x00000000000000c6                __vector_18
                0x00000000000000c6                __vector_20
 .text          0x00000000000000c8       0x50 /usr/lib/gcc/avr/4.5.3/avr5/libgcc.a(_fixunssfsi.o)
                0x00000000000000c8                __fixunssfsi
 .text          0x0000000000000118      0x340 /usr/lib/gcc/avr/4.5.3/avr5/libgcc.a(_addsub_sf.o)
                0x00000000000003ac                __addsf3
                0x00000000000003fe                __subsf3
 .text          0x0000000000000458      0x1ec /usr/lib/gcc/avr/4.5.3/avr5/libgcc.a(_mul_sf.o)
                0x0000000000000458                __mulsf3
 .text          0x0000000000000644       0x56 /usr/lib/gcc/avr/4.5.3/avr5/libgcc.a(_ge_sf.o)
                0x0000000000000644                __gesf2
 .text          0x000000000000069a       0xb8 /usr/lib/gcc/avr/4.5.3/avr5/libgcc.a(_si_to_sf.o)
                0x000000000000069a                __floatsisf
 .text          0x0000000000000752       0x9e /usr/lib/gcc/avr/4.5.3/avr5/libgcc.a(_sf_to_si.o)
                0x0000000000000752                __fixsfsi
 .text          0x00000000000007f0       0xb4 /usr/lib/gcc/avr/4.5.3/avr5/libgcc.a(_clzsi2.o)
                0x00000000000007f0                __clzsi2
 .text          0x00000000000008a4      0x19a /usr/lib/gcc/avr/4.5.3/avr5/libgcc.a(_pack_sf.o)
                0x00000000000008a4                __pack_f
 .text          0x0000000000000a3e       0xd2 /usr/lib/gcc/avr/4.5.3/avr5/libgcc.a(_unpack_sf.o)
                0x0000000000000a3e                __unpack_f
 .text          0x0000000000000b10       0xb2 /usr/lib/gcc/avr/4.5.3/avr5/libgcc.a(_fpcmp_parts_sf.o)
                0x0000000000000b10                __fpcmp_parts_f
                0x0000000000000bc2                . = ALIGN (0x2)
 *(.text.*)
 .text.AD9833_init_square
                0x0000000000000bc2       0x36 ./src/AD9833.o
                0x0000000000000bc2                AD9833_init_square
 .text.AD9833_set_freq0
                0x0000000000000bf8       0x96 ./src/AD9833.o
                0x0000000000000bf8                AD9833_set_freq0
 .text.AD9833_set_phase0
                0x0000000000000c8e       0x36 ./src/AD9833.o
                0x0000000000000c8e                AD9833_set_phase0
 .text.AD9833_finish
                0x0000000000000cc4        0xa ./src/AD9833.o
                0x0000000000000cc4                AD9833_finish
 .text.main_reset_word_sequence
                0x0000000000000cce       0x2a ./src/Main.o
                0x0000000000000cce                main_reset_word_sequence
 .text.AD9833_init
                0x0000000000000cf8       0x68 ./src/Main.o
                0x0000000000000cf8                AD9833_init
 .text.main_get_delay
                0x0000000000000d60      0x1c0 ./src/Main.o
                0x0000000000000d60                main_get_delay
 .text.main_get_frequency
                0x0000000000000f20      0x1ba ./src/Main.o
                0x0000000000000f20                main_get_frequency
 .text.main_create_word_sequence_ad9833
                0x00000000000010da       0x5e ./src/Main.o
                0x00000000000010da                main_create_word_sequence_ad9833
 .text.main_send_word_ad9833_spi
                0x0000000000001138       0x22 ./src/Main.o
                0x0000000000001138                main_send_word_ad9833_spi
 .text.main_send_word_sequence_ad9833_spi
                0x000000000000115a       0x76 ./src/Main.o
                0x000000000000115a                main_send_word_sequence_ad9833_spi
 .text.app      0x00000000000011d0      0x106 ./src/Main.o
                0x00000000000011d0                app
 .text.main     0x00000000000012d6        0x4 ./src/Main.o
                0x00000000000012d6                main
 .text.SPI_init
                0x00000000000012da        0xc ./src/SPI.o
                0x00000000000012da                SPI_init
 .text.SPI_send
                0x00000000000012e6        0x8 ./src/SPI.o
                0x00000000000012e6                SPI_send
 .text.delay_ms
                0x00000000000012ee       0x22 ./src/UART.o
                0x00000000000012ee                delay_ms
 .text.USART_init
                0x0000000000001310       0x3a ./src/UART.o
                0x0000000000001310                USART_init
 .text.USART_receivebyte
                0x000000000000134a        0x6 ./src/UART.o
                0x000000000000134a                USART_receivebyte
 .text.__vector_30
                0x0000000000001350      0x188 ./src/UART.o
                0x0000000000001350                __vector_30
 .text.libgcc   0x00000000000014d8       0x3e /usr/lib/gcc/avr/4.5.3/avr5/libgcc.a(_mulsi3.o)
                0x00000000000014d8                __mulsi3
 .text.libgcc   0x0000000000001516       0x38 /usr/lib/gcc/avr/4.5.3/avr5/libgcc.a(_prologue.o)
                0x0000000000001516                __prologue_saves__
 .text.libgcc   0x000000000000154e       0x36 /usr/lib/gcc/avr/4.5.3/avr5/libgcc.a(_epilogue.o)
                0x000000000000154e                __epilogue_restores__
 .text.avr-libc.fplib
                0x0000000000001584       0x26 /usr/lib/gcc/avr/4.5.3/../../../avr/lib/avr5/libm.a(ceil.o)
                0x0000000000001584                ceil
 .text.avr-libc.fplib
                0x00000000000015aa       0x36 /usr/lib/gcc/avr/4.5.3/../../../avr/lib/avr5/libm.a(fp_mintl.o)
                0x00000000000015aa                __fp_mintl
 .text.avr-libc.fplib
                0x00000000000015e0       0x1c /usr/lib/gcc/avr/4.5.3/../../../avr/lib/avr5/libm.a(fp_mpack.o)
                0x00000000000015e0                __fp_mpack
                0x00000000000015e4                __fp_mpack_finite
 .text.avr-libc.fplib
                0x00000000000015fc       0x2e /usr/lib/gcc/avr/4.5.3/../../../avr/lib/avr5/libm.a(fp_trunc.o)
                0x00000000000015fc                __fp_trunc
 .text.avr-libc.fplib
                0x000000000000162a        0xe /usr/lib/gcc/avr/4.5.3/../../../avr/lib/avr5/libm.a(fp_zero.o)
                0x000000000000162a                __fp_zero
                0x000000000000162c                __fp_szero
 .text.avr-libc.fplib
                0x0000000000001638       0x40 /usr/lib/gcc/avr/4.5.3/../../../avr/lib/avr5/libm.a(round.o)
                0x0000000000001638                round
 .text.avr-libc.fplib
                0x0000000000001678       0x44 /usr/lib/gcc/avr/4.5.3/../../../avr/lib/avr5/libm.a(fp_split3.o)
                0x0000000000001678                __fp_split3
                0x0000000000001688                __fp_splitA
                0x00000000000016bc                . = ALIGN (0x2)
 *(.fini9)
 .fini9         0x00000000000016bc        0x0 /usr/lib/gcc/avr/4.5.3/avr5/libgcc.a(_exit.o)
                0x00000000000016bc                exit
                0x00000000000016bc                _exit
 *(.fini9)
 *(.fini8)
 *(.fini8)
 *(.fini7)
 *(.fini7)
 *(.fini6)
 *(.fini6)
 *(.fini5)
 *(.fini5)
 *(.fini4)
 *(.fini4)
 *(.fini3)
 *(.fini3)
 *(.fini2)
 *(.fini2)
 *(.fini1)
 *(.fini1)
 *(.fini0)
 .fini0         0x00000000000016bc        0x4 /usr/lib/gcc/avr/4.5.3/avr5/libgcc.a(_exit.o)
 *(.fini0)
                0x00000000000016c0                _etext = .

.data           0x0000000000800100      0x108 load address 0x00000000000016c0
                0x0000000000800100                PROVIDE (__data_start, .)
 *(.data)
 .data          0x0000000000800100        0x8 /usr/lib/gcc/avr/4.5.3/avr5/libgcc.a(_thenan_sf.o)
                0x0000000000800100                __thenan_sf
 .data          0x0000000000800108      0x100 /usr/lib/gcc/avr/4.5.3/avr5/libgcc.a(_clz.o)
                0x0000000000800108                __clz_tab
 *(.data*)
 *(.rodata)
 *(.rodata*)
 *(.gnu.linkonce.d*)
                0x0000000000800208                . = ALIGN (0x2)
                0x0000000000800208                _edata = .
                0x0000000000800208                PROVIDE (__data_end, .)

.bss            0x0000000000800208      0xd5c
                0x0000000000800208                PROVIDE (__bss_start, .)
 *(.bss)
 *(.bss*)
 .bss.ad9833_words
                0x0000000000800208        0xa ./src/Main.o
                0x0000000000800208                ad9833_words
 *(COMMON)
 COMMON         0x0000000000800212      0xd52 ./src/Main.o
                0x0000000000800212                data_ready
                0x0000000000800213                reception_delay
                0x0000000000800217                received_bytes
                0x000000000080021b                received_value
                0x000000000080021c                frequency_buffer
                0x0000000000800f64                PROVIDE (__bss_end, .)
                0x00000000000016c0                __data_load_start = LOADADDR (.data)
                0x00000000000017c8                __data_load_end = (__data_load_start + SIZEOF (.data))

.noinit         0x0000000000800f64        0x0
                0x0000000000800f64                PROVIDE (__noinit_start, .)
 *(.noinit*)
                0x0000000000800f64                PROVIDE (__noinit_end, .)
                0x0000000000800f64                _end = .
                0x0000000000800f64                PROVIDE (__heap_start, .)

.eeprom         0x0000000000810000        0x0
 *(.eeprom*)
                0x0000000000810000                __eeprom_end = .

.fuse
 *(.fuse)
 *(.lfuse)
 *(.hfuse)
 *(.efuse)

.lock
 *(.lock*)

.signature
 *(.signature*)

.stab           0x0000000000000000     0x2364
 *(.stab)
 .stab          0x0000000000000000      0x6cc /usr/lib/gcc/avr/4.5.3/../../../avr/lib/avr5/crtm64.o
 .stab          0x00000000000006cc      0x450 ./src/AD9833.o
                                        0x6e4 (size before relaxing)
 .stab          0x0000000000000b1c      0xa50 ./src/Main.o
                                        0xdd4 (size before relaxing)
 .stab          0x000000000000156c      0x1bc ./src/SPI.o
                                        0x3cc (size before relaxing)
 .stab          0x0000000000001728      0x378 ./src/UART.o
                                        0x618 (size before relaxing)
 .stab          0x0000000000001aa0      0x114 /usr/lib/gcc/avr/4.5.3/../../../avr/lib/avr5/libm.a(ceil.o)
                                        0x120 (size before relaxing)
 .stab          0x0000000000001bb4      0x174 /usr/lib/gcc/avr/4.5.3/../../../avr/lib/avr5/libm.a(fp_mintl.o)
                                        0x180 (size before relaxing)
 .stab          0x0000000000001d28       0xe4 /usr/lib/gcc/avr/4.5.3/../../../avr/lib/avr5/libm.a(fp_mpack.o)
                                         0xf0 (size before relaxing)
 .stab          0x0000000000001e0c      0x144 /usr/lib/gcc/avr/4.5.3/../../../avr/lib/avr5/libm.a(fp_trunc.o)
                                        0x150 (size before relaxing)
 .stab          0x0000000000001f50       0x90 /usr/lib/gcc/avr/4.5.3/../../../avr/lib/avr5/libm.a(fp_zero.o)
                                         0x9c (size before relaxing)
 .stab          0x0000000000001fe0      0x1b0 /usr/lib/gcc/avr/4.5.3/../../../avr/lib/avr5/libm.a(round.o)
                                        0x1bc (size before relaxing)
 .stab          0x0000000000002190      0x1d4 /usr/lib/gcc/avr/4.5.3/../../../avr/lib/avr5/libm.a(fp_split3.o)
                                        0x1e0 (size before relaxing)

.stabstr        0x0000000000000000     0x1268
 *(.stabstr)
 .stabstr       0x0000000000000000     0x1268 /usr/lib/gcc/avr/4.5.3/../../../avr/lib/avr5/crtm64.o

.stab.excl
 *(.stab.excl)

.stab.exclstr
 *(.stab.exclstr)

.stab.index
 *(.stab.index)

.stab.indexstr
 *(.stab.indexstr)

.comment
 *(.comment)

.debug
 *(.debug)

.line
 *(.line)

.debug_srcinfo
 *(.debug_srcinfo)

.debug_sfnames
 *(.debug_sfnames)

.debug_aranges
 *(.debug_aranges)

.debug_pubnames
 *(.debug_pubnames)

.debug_info
 *(.debug_info)
 *(.gnu.linkonce.wi.*)

.debug_abbrev
 *(.debug_abbrev)

.debug_line
 *(.debug_line)

.debug_frame
 *(.debug_frame)

.debug_str
 *(.debug_str)

.debug_loc
 *(.debug_loc)

.debug_macinfo
 *(.debug_macinfo)
OUTPUT(Generator-Source.elf elf32-avr)
LOAD linker stubs

Cross Reference Table

Symbol                                            File
AD9833_finish                                     ./src/AD9833.o
                                                  ./src/Main.o
AD9833_init                                       ./src/Main.o
AD9833_init_off                                   ./src/AD9833.o
AD9833_init_sinusoidal                            ./src/AD9833.o
AD9833_init_square                                ./src/AD9833.o
                                                  ./src/Main.o
AD9833_init_triangle                              ./src/AD9833.o
AD9833_set_freq0                                  ./src/AD9833.o
                                                  ./src/Main.o
AD9833_set_freq1                                  ./src/AD9833.o
AD9833_set_phase0                                 ./src/AD9833.o
                                                  ./src/Main.o
AD9833_set_phase1                                 ./src/AD9833.o
SPI_init                                          ./src/SPI.o
                                                  ./src/Main.o
SPI_read_byte                                     ./src/SPI.o
SPI_send                                          ./src/SPI.o
                                                  ./src/Main.o
USART_init                                        ./src/UART.o
                                                  ./src/Main.o
USART_receivebyte                                 ./src/UART.o
USART_sendbuffer                                  ./src/UART.o
                                                  ./src/Main.o
USART_sendbyte                                    ./src/UART.o
                                                  ./src/Main.o
__addsf3                                          /usr/lib/gcc/avr/4.5.3/avr5/libgcc.a(_addsub_sf.o)
                                                  ./src/Main.o
__bad_interrupt                                   /usr/lib/gcc/avr/4.5.3/../../../avr/lib/avr5/crtm64.o
__bss_end                                         /usr/lib/gcc/avr/4.5.3/avr5/libgcc.a(_clear_bss.o)
__bss_start                                       /usr/lib/gcc/avr/4.5.3/avr5/libgcc.a(_clear_bss.o)
__clz_tab                                         /usr/lib/gcc/avr/4.5.3/avr5/libgcc.a(_clz.o)
                                                  /usr/lib/gcc/avr/4.5.3/avr5/libgcc.a(_clzsi2.o)
__clzsi2                                          /usr/lib/gcc/avr/4.5.3/avr5/libgcc.a(_clzsi2.o)
                                                  /usr/lib/gcc/avr/4.5.3/avr5/libgcc.a(_si_to_sf.o)
__data_end                                        /usr/lib/gcc/avr/4.5.3/avr5/libgcc.a(_copy_data.o)
__data_load_start                                 /usr/lib/gcc/avr/4.5.3/avr5/libgcc.a(_copy_data.o)
__data_start                                      /usr/lib/gcc/avr/4.5.3/avr5/libgcc.a(_copy_data.o)
__do_clear_bss                                    /usr/lib/gcc/avr/4.5.3/avr5/libgcc.a(_clear_bss.o)
                                                  ./src/UART.o
                                                  ./src/Main.o
__do_copy_data                                    /usr/lib/gcc/avr/4.5.3/avr5/libgcc.a(_copy_data.o)
                                                  /usr/lib/gcc/avr/4.5.3/avr5/libgcc.a(_clz.o)
                                                  /usr/lib/gcc/avr/4.5.3/avr5/libgcc.a(_thenan_sf.o)
__epilogue_restores__                             /usr/lib/gcc/avr/4.5.3/avr5/libgcc.a(_epilogue.o)
                                                  /usr/lib/gcc/avr/4.5.3/avr5/libgcc.a(_pack_sf.o)
                                                  /usr/lib/gcc/avr/4.5.3/avr5/libgcc.a(_sf_to_si.o)
                                                  /usr/lib/gcc/avr/4.5.3/avr5/libgcc.a(_si_to_sf.o)
                                                  /usr/lib/gcc/avr/4.5.3/avr5/libgcc.a(_ge_sf.o)
                                                  /usr/lib/gcc/avr/4.5.3/avr5/libgcc.a(_mul_sf.o)
                                                  /usr/lib/gcc/avr/4.5.3/avr5/libgcc.a(_addsub_sf.o)
__fixsfsi                                         /usr/lib/gcc/avr/4.5.3/avr5/libgcc.a(_sf_to_si.o)
                                                  /usr/lib/gcc/avr/4.5.3/avr5/libgcc.a(_fixunssfsi.o)
__fixunssfsi                                      /usr/lib/gcc/avr/4.5.3/avr5/libgcc.a(_fixunssfsi.o)
                                                  ./src/AD9833.o
__floatsisf                                       /usr/lib/gcc/avr/4.5.3/avr5/libgcc.a(_si_to_sf.o)
                                                  ./src/Main.o
__fp_mintl                                        /usr/lib/gcc/avr/4.5.3/../../../avr/lib/avr5/libm.a(fp_mintl.o)
                                                  /usr/lib/gcc/avr/4.5.3/../../../avr/lib/avr5/libm.a(round.o)
                                                  /usr/lib/gcc/avr/4.5.3/../../../avr/lib/avr5/libm.a(ceil.o)
__fp_mpack                                        /usr/lib/gcc/avr/4.5.3/../../../avr/lib/avr5/libm.a(fp_mpack.o)
                                                  /usr/lib/gcc/avr/4.5.3/../../../avr/lib/avr5/libm.a(round.o)
                                                  /usr/lib/gcc/avr/4.5.3/../../../avr/lib/avr5/libm.a(ceil.o)
__fp_mpack_finite                                 /usr/lib/gcc/avr/4.5.3/../../../avr/lib/avr5/libm.a(fp_mpack.o)
__fp_split3                                       /usr/lib/gcc/avr/4.5.3/../../../avr/lib/avr5/libm.a(fp_split3.o)
__fp_splitA                                       /usr/lib/gcc/avr/4.5.3/../../../avr/lib/avr5/libm.a(fp_split3.o)
                                                  /usr/lib/gcc/avr/4.5.3/../../../avr/lib/avr5/libm.a(round.o)
                                                  /usr/lib/gcc/avr/4.5.3/../../../avr/lib/avr5/libm.a(fp_trunc.o)
__fp_szero                                        /usr/lib/gcc/avr/4.5.3/../../../avr/lib/avr5/libm.a(fp_zero.o)
                                                  /usr/lib/gcc/avr/4.5.3/../../../avr/lib/avr5/libm.a(round.o)
                                                  /usr/lib/gcc/avr/4.5.3/../../../avr/lib/avr5/libm.a(ceil.o)
__fp_trunc                                        /usr/lib/gcc/avr/4.5.3/../../../avr/lib/avr5/libm.a(fp_trunc.o)
                                                  /usr/lib/gcc/avr/4.5.3/../../../avr/lib/avr5/libm.a(ceil.o)
__fp_zero                                         /usr/lib/gcc/avr/4.5.3/../../../avr/lib/avr5/libm.a(fp_zero.o)
__fpcmp_parts_f                                   /usr/lib/gcc/avr/4.5.3/avr5/libgcc.a(_fpcmp_parts_sf.o)
                                                  /usr/lib/gcc/avr/4.5.3/avr5/libgcc.a(_ge_sf.o)
__gesf2                                           /usr/lib/gcc/avr/4.5.3/avr5/libgcc.a(_ge_sf.o)
                                                  /usr/lib/gcc/avr/4.5.3/avr5/libgcc.a(_fixunssfsi.o)
__heap_end                                        /usr/lib/gcc/avr/4.5.3/../../../avr/lib/avr5/crtm64.o
__init                                            /usr/lib/gcc/avr/4.5.3/../../../avr/lib/avr5/crtm64.o
__mulsf3                                          /usr/lib/gcc/avr/4.5.3/avr5/libgcc.a(_mul_sf.o)
                                                  ./src/Main.o
                                                  ./src/AD9833.o
__mulsi3                                          /usr/lib/gcc/avr/4.5.3/avr5/libgcc.a(_mulsi3.o)
                                                  ./src/Main.o
__pack_f                                          /usr/lib/gcc/avr/4.5.3/avr5/libgcc.a(_pack_sf.o)
                                                  /usr/lib/gcc/avr/4.5.3/avr5/libgcc.a(_si_to_sf.o)
                                                  /usr/lib/gcc/avr/4.5.3/avr5/libgcc.a(_mul_sf.o)
                                                  /usr/lib/gcc/avr/4.5.3/avr5/libgcc.a(_addsub_sf.o)
__prologue_saves__                                /usr/lib/gcc/avr/4.5.3/avr5/libgcc.a(_prologue.o)
                                                  /usr/lib/gcc/avr/4.5.3/avr5/libgcc.a(_sf_to_si.o)
                                                  /usr/lib/gcc/avr/4.5.3/avr5/libgcc.a(_si_to_sf.o)
                                                  /usr/lib/gcc/avr/4.5.3/avr5/libgcc.a(_ge_sf.o)
                                                  /usr/lib/gcc/avr/4.5.3/avr5/libgcc.a(_mul_sf.o)
                                                  /usr/lib/gcc/avr/4.5.3/avr5/libgcc.a(_addsub_sf.o)
__stack                                           /usr/lib/gcc/avr/4.5.3/../../../avr/lib/avr5/crtm64.o
__subsf3                                          /usr/lib/gcc/avr/4.5.3/avr5/libgcc.a(_addsub_sf.o)
                                                  /usr/lib/gcc/avr/4.5.3/avr5/libgcc.a(_fixunssfsi.o)
__thenan_sf                                       /usr/lib/gcc/avr/4.5.3/avr5/libgcc.a(_thenan_sf.o)
                                                  /usr/lib/gcc/avr/4.5.3/avr5/libgcc.a(_mul_sf.o)
                                                  /usr/lib/gcc/avr/4.5.3/avr5/libgcc.a(_addsub_sf.o)
__unpack_f                                        /usr/lib/gcc/avr/4.5.3/avr5/libgcc.a(_unpack_sf.o)
                                                  /usr/lib/gcc/avr/4.5.3/avr5/libgcc.a(_sf_to_si.o)
                                                  /usr/lib/gcc/avr/4.5.3/avr5/libgcc.a(_ge_sf.o)
                                                  /usr/lib/gcc/avr/4.5.3/avr5/libgcc.a(_mul_sf.o)
                                                  /usr/lib/gcc/avr/4.5.3/avr5/libgcc.a(_addsub_sf.o)
__vector_1                                        /usr/lib/gcc/avr/4.5.3/../../../avr/lib/avr5/crtm64.o
__vector_10                                       /usr/lib/gcc/avr/4.5.3/../../../avr/lib/avr5/crtm64.o
__vector_11                                       /usr/lib/gcc/avr/4.5.3/../../../avr/lib/avr5/crtm64.o
__vector_12                                       /usr/lib/gcc/avr/4.5.3/../../../avr/lib/avr5/crtm64.o
__vector_13                                       /usr/lib/gcc/avr/4.5.3/../../../avr/lib/avr5/crtm64.o
__vector_14                                       /usr/lib/gcc/avr/4.5.3/../../../avr/lib/avr5/crtm64.o
__vector_15                                       /usr/lib/gcc/avr/4.5.3/../../../avr/lib/avr5/crtm64.o
__vector_16                                       /usr/lib/gcc/avr/4.5.3/../../../avr/lib/avr5/crtm64.o
__vector_17                                       /usr/lib/gcc/avr/4.5.3/../../../avr/lib/avr5/crtm64.o
__vector_18                                       /usr/lib/gcc/avr/4.5.3/../../../avr/lib/avr5/crtm64.o
__vector_19                                       /usr/lib/gcc/avr/4.5.3/../../../avr/lib/avr5/crtm64.o
__vector_2                                        /usr/lib/gcc/avr/4.5.3/../../../avr/lib/avr5/crtm64.o
__vector_20                                       /usr/lib/gcc/avr/4.5.3/../../../avr/lib/avr5/crtm64.o
__vector_21                                       /usr/lib/gcc/avr/4.5.3/../../../avr/lib/avr5/crtm64.o
__vector_22                                       /usr/lib/gcc/avr/4.5.3/../../../avr/lib/avr5/crtm64.o
__vector_23                                       /usr/lib/gcc/avr/4.5.3/../../../avr/lib/avr5/crtm64.o
__vector_24                                       /usr/lib/gcc/avr/4.5.3/../../../avr/lib/avr5/crtm64.o
__vector_25                                       /usr/lib/gcc/avr/4.5.3/../../../avr/lib/avr5/crtm64.o
__vector_26                                       /usr/lib/gcc/avr/4.5.3/../../../avr/lib/avr5/crtm64.o
__vector_27                                       /usr/lib/gcc/avr/4.5.3/../../../avr/lib/avr5/crtm64.o
__vector_28                                       /usr/lib/gcc/avr/4.5.3/../../../avr/lib/avr5/crtm64.o
__vector_29                                       /usr/lib/gcc/avr/4.5.3/../../../avr/lib/avr5/crtm64.o
__vector_3                                        /usr/lib/gcc/avr/4.5.3/../../../avr/lib/avr5/crtm64.o
__vector_30                                       ./src/UART.o
                                                  /usr/lib/gcc/avr/4.5.3/../../../avr/lib/avr5/crtm64.o
__vector_31                                       /usr/lib/gcc/avr/4.5.3/../../../avr/lib/avr5/crtm64.o
__vector_32                                       /usr/lib/gcc/avr/4.5.3/../../../avr/lib/avr5/crtm64.o
__vector_33                                       /usr/lib/gcc/avr/4.5.3/../../../avr/lib/avr5/crtm64.o
__vector_34                                       /usr/lib/gcc/avr/4.5.3/../../../avr/lib/avr5/crtm64.o
__vector_4                                        /usr/lib/gcc/avr/4.5.3/../../../avr/lib/avr5/crtm64.o
__vector_5                                        /usr/lib/gcc/avr/4.5.3/../../../avr/lib/avr5/crtm64.o
__vector_6                                        /usr/lib/gcc/avr/4.5.3/../../../avr/lib/avr5/crtm64.o
__vector_7                                        /usr/lib/gcc/avr/4.5.3/../../../avr/lib/avr5/crtm64.o
__vector_8                                        /usr/lib/gcc/avr/4.5.3/../../../avr/lib/avr5/crtm64.o
__vector_9                                        /usr/lib/gcc/avr/4.5.3/../../../avr/lib/avr5/crtm64.o
__vector_default                                  /usr/lib/gcc/avr/4.5.3/../../../avr/lib/avr5/crtm64.o
__vectors                                         /usr/lib/gcc/avr/4.5.3/../../../avr/lib/avr5/crtm64.o
_exit                                             /usr/lib/gcc/avr/4.5.3/avr5/libgcc.a(_exit.o)
ad9833_words                                      ./src/Main.o
app                                               ./src/Main.o
ceil                                              /usr/lib/gcc/avr/4.5.3/../../../avr/lib/avr5/libm.a(ceil.o)
                                                  ./src/AD9833.o
data_ready                                        ./src/UART.o
                                                  ./src/Main.o
delay_ms                                          ./src/UART.o
                                                  ./src/Main.o
echo                                              ./src/Main.o
exit                                              /usr/lib/gcc/avr/4.5.3/avr5/libgcc.a(_exit.o)
                                                  /usr/lib/gcc/avr/4.5.3/../../../avr/lib/avr5/crtm64.o
frequency_buffer                                  ./src/UART.o
                                                  ./src/Main.o
main                                              ./src/Main.o
                                                  /usr/lib/gcc/avr/4.5.3/../../../avr/lib/avr5/crtm64.o
main_create_word_sequence_ad9833                  ./src/Main.o
main_get_delay                                    ./src/Main.o
main_get_frequency                                ./src/Main.o
main_reset_word_sequence                          ./src/Main.o
main_send_word_ad9833_spi                         ./src/Main.o
main_send_word_sequence_ad9833_spi                ./src/Main.o
main_send_word_sequence_ad9833_uart               ./src/Main.o
received_bytes                                    ./src/UART.o
                                                  ./src/Main.o
received_value                                    ./src/UART.o
                                                  ./src/Main.o
reception_delay                                   ./src/UART.o
                                                  ./src/Main.o
round                                             /usr/lib/gcc/avr/4.5.3/../../../avr/lib/avr5/libm.a(round.o)
                                                  ./src/AD9833.o
